Loading checkpoint shards:   0%|          | 0/6 [00:00<?, ?it/s]Loading checkpoint shards:  17%|█▋        | 1/6 [00:06<00:34,  6.89s/it]Loading checkpoint shards:  33%|███▎      | 2/6 [00:15<00:32,  8.14s/it]Loading checkpoint shards:  50%|█████     | 3/6 [00:27<00:28,  9.62s/it]Loading checkpoint shards:  67%|██████▋   | 4/6 [00:37<00:19,  9.76s/it]Loading checkpoint shards:  83%|████████▎ | 5/6 [00:46<00:09,  9.61s/it]Loading checkpoint shards: 100%|██████████| 6/6 [00:54<00:00,  8.91s/it]Loading checkpoint shards: 100%|██████████| 6/6 [00:54<00:00,  9.03s/it]
{"job": "brackets-0-170301-0-unconstrained", "status": "complete"}
{"job": "brackets-0-170301-0-serial", "status": "complete"}
{"job": "brackets-0-170301-0-epic", "status": "complete"}
{"job": "brackets-0-170301-0-exact", "status": "complete"}
{"job": "brackets-0-170301-capture", "status": "complete"}
{"job": "arithmetic-0-170301-0-serial", "status": "incomplete"}
{"job": "arithmetic-0-170301-0-epic", "status": "incomplete"}
{"job": "arithmetic-0-170301-0-exact", "status": "incomplete"}
{"job": "arithmetic-0-170301-0-unconstrained", "status": "complete"}
{"job": "arithmetic-0-170301-capture", "status": "complete"}
{"job": "nested_json-0-170301-0-epic", "status": "complete"}
{"job": "nested_json-0-170301-0-exact", "status": "incomplete"}
{"job": "nested_json-0-170301-0-unconstrained", "status": "complete"}
{"job": "nested_json-0-170301-0-serial", "status": "complete"}
{"job": "nested_json-0-170301-capture", "status": "complete"}
{"job": "brackets-1-170301-0-exact", "status": "incomplete"}
{"job": "brackets-1-170301-0-unconstrained", "status": "complete"}
{"job": "brackets-1-170301-0-serial", "status": "complete"}
{"job": "brackets-1-170301-0-epic", "status": "complete"}
{"job": "brackets-1-170301-capture", "status": "complete"}
{"job": "arithmetic-1-170301-0-unconstrained", "status": "complete"}
{"job": "arithmetic-1-170301-0-serial", "status": "incomplete"}
{"job": "arithmetic-1-170301-0-epic", "status": "incomplete"}
{"job": "arithmetic-1-170301-0-exact", "status": "incomplete"}
{"job": "arithmetic-1-170301-capture", "status": "complete"}
{"job": "nested_json-1-170301-0-serial", "status": "complete"}
{"job": "nested_json-1-170301-0-epic", "status": "complete"}
{"job": "nested_json-1-170301-0-exact", "status": "incomplete"}
{"job": "nested_json-1-170301-0-unconstrained", "status": "complete"}
{"job": "nested_json-1-170301-capture", "status": "complete"}
{"job": "brackets-2-170301-0-epic", "status": "complete"}
{"job": "brackets-2-170301-0-exact", "status": "incomplete"}
{"job": "brackets-2-170301-0-unconstrained", "status": "complete"}
{"job": "brackets-2-170301-0-serial", "status": "complete"}
{"job": "brackets-2-170301-capture", "status": "complete"}
{"job": "arithmetic-2-170301-0-exact", "status": "incomplete"}
{"job": "arithmetic-2-170301-0-unconstrained", "status": "complete"}
{"job": "arithmetic-2-170301-0-serial", "status": "complete"}
{"job": "arithmetic-2-170301-0-epic", "status": "complete"}
{"job": "arithmetic-2-170301-capture", "status": "complete"}
{"job": "nested_json-2-170301-0-unconstrained", "status": "complete"}
{"job": "nested_json-2-170301-0-serial", "status": "incomplete"}
{"job": "nested_json-2-170301-0-epic", "status": "incomplete"}
{"job": "nested_json-2-170301-0-exact", "status": "incomplete"}
{"job": "nested_json-2-170301-capture", "status": "complete"}
{"job": "brackets-3-170301-0-serial", "status": "complete"}
{"job": "brackets-3-170301-0-epic", "status": "complete"}
{"job": "brackets-3-170301-0-exact", "status": "incomplete"}
{"job": "brackets-3-170301-0-unconstrained", "status": "complete"}
{"job": "brackets-3-170301-capture", "status": "complete"}
{"job": "arithmetic-3-170301-0-epic", "status": "incomplete"}
{"job": "arithmetic-3-170301-0-exact", "status": "incomplete"}
{"job": "arithmetic-3-170301-0-unconstrained", "status": "complete"}
{"job": "arithmetic-3-170301-0-serial", "status": "incomplete"}
{"job": "arithmetic-3-170301-capture", "status": "complete"}
{"job": "nested_json-3-170301-0-exact", "status": "incomplete"}
{"job": "nested_json-3-170301-0-unconstrained", "status": "complete"}
{"job": "nested_json-3-170301-0-serial", "status": "incomplete"}
{"job": "nested_json-3-170301-0-epic", "status": "incomplete"}
{"job": "nested_json-3-170301-capture", "status": "complete"}
