Loading checkpoint shards:   0%|          | 0/6 [00:00<?, ?it/s]Loading checkpoint shards:  17%|█▋        | 1/6 [00:07<00:35,  7.02s/it]Loading checkpoint shards:  33%|███▎      | 2/6 [00:15<00:32,  8.11s/it]Loading checkpoint shards:  50%|█████     | 3/6 [00:26<00:28,  9.38s/it]Loading checkpoint shards:  67%|██████▋   | 4/6 [00:36<00:19,  9.50s/it]Loading checkpoint shards:  83%|████████▎ | 5/6 [00:46<00:09,  9.60s/it]Loading checkpoint shards: 100%|██████████| 6/6 [00:53<00:00,  8.65s/it]Loading checkpoint shards: 100%|██████████| 6/6 [00:53<00:00,  8.84s/it]
{"job": "confirm-brackets-0-170302-0-unconstrained", "status": "complete"}
{"job": "confirm-brackets-0-170302-0-serial", "status": "complete"}
{"job": "confirm-brackets-0-170302-0-epic", "status": "complete"}
{"job": "confirm-brackets-0-170302-0-exact", "status": "complete"}
{"job": "confirm-brackets-0-170302-1-serial", "status": "complete"}
{"job": "confirm-brackets-0-170302-1-epic", "status": "complete"}
{"job": "confirm-brackets-0-170302-1-exact", "status": "complete"}
{"job": "confirm-brackets-0-170302-1-unconstrained", "status": "complete"}
{"job": "confirm-brackets-0-170302-capture", "status": "complete"}
{"job": "confirm-arithmetic-0-170302-0-serial", "status": "incomplete"}
{"job": "confirm-arithmetic-0-170302-0-epic", "status": "incomplete"}
{"job": "confirm-arithmetic-0-170302-0-exact", "status": "incomplete"}
{"job": "confirm-arithmetic-0-170302-0-unconstrained", "status": "complete"}
{"job": "confirm-arithmetic-0-170302-1-epic", "status": "incomplete"}
{"job": "confirm-arithmetic-0-170302-1-exact", "status": "incomplete"}
{"job": "confirm-arithmetic-0-170302-1-unconstrained", "status": "complete"}
{"job": "confirm-arithmetic-0-170302-1-serial", "status": "incomplete"}
{"job": "confirm-arithmetic-0-170302-capture", "status": "complete"}
{"job": "confirm-nested_json-0-170302-0-epic", "status": "incomplete"}
{"job": "confirm-nested_json-0-170302-0-exact", "status": "incomplete"}
{"job": "confirm-nested_json-0-170302-0-unconstrained", "status": "complete"}
{"job": "confirm-nested_json-0-170302-0-serial", "status": "incomplete"}
{"job": "confirm-nested_json-0-170302-1-exact", "status": "incomplete"}
{"job": "confirm-nested_json-0-170302-1-unconstrained", "status": "complete"}
{"job": "confirm-nested_json-0-170302-1-serial", "status": "incomplete"}
{"job": "confirm-nested_json-0-170302-1-epic", "status": "incomplete"}
{"job": "confirm-nested_json-0-170302-capture", "status": "complete"}
{"job": "confirm-brackets-1-170302-0-exact", "status": "complete"}
{"job": "confirm-brackets-1-170302-0-unconstrained", "status": "complete"}
{"job": "confirm-brackets-1-170302-0-serial", "status": "complete"}
{"job": "confirm-brackets-1-170302-0-epic", "status": "complete"}
{"job": "confirm-brackets-1-170302-1-unconstrained", "status": "complete"}
{"job": "confirm-brackets-1-170302-1-serial", "status": "complete"}
{"job": "confirm-brackets-1-170302-1-epic", "status": "complete"}
{"job": "confirm-brackets-1-170302-1-exact", "status": "complete"}
{"job": "confirm-brackets-1-170302-capture", "status": "complete"}
{"job": "confirm-arithmetic-1-170302-0-unconstrained", "status": "complete"}
{"job": "confirm-arithmetic-1-170302-0-serial", "status": "incomplete"}
{"job": "confirm-arithmetic-1-170302-0-epic", "status": "incomplete"}
{"job": "confirm-arithmetic-1-170302-0-exact", "status": "incomplete"}
{"job": "confirm-arithmetic-1-170302-1-serial", "status": "incomplete"}
{"job": "confirm-arithmetic-1-170302-1-epic", "status": "incomplete"}
{"job": "confirm-arithmetic-1-170302-1-exact", "status": "incomplete"}
{"job": "confirm-arithmetic-1-170302-1-unconstrained", "status": "complete"}
{"job": "confirm-arithmetic-1-170302-capture", "status": "complete"}
{"job": "confirm-nested_json-1-170302-0-serial", "status": "incomplete"}
{"job": "confirm-nested_json-1-170302-0-epic", "status": "incomplete"}
{"job": "confirm-nested_json-1-170302-0-exact", "status": "incomplete"}
{"job": "confirm-nested_json-1-170302-0-unconstrained", "status": "complete"}
{"job": "confirm-nested_json-1-170302-1-epic", "status": "incomplete"}
{"job": "confirm-nested_json-1-170302-1-exact", "status": "incomplete"}
{"job": "confirm-nested_json-1-170302-1-unconstrained", "status": "complete"}
{"job": "confirm-nested_json-1-170302-1-serial", "status": "incomplete"}
{"job": "confirm-nested_json-1-170302-capture", "status": "complete"}
{"job": "confirm-brackets-2-170302-0-epic", "status": "complete"}
{"job": "confirm-brackets-2-170302-0-exact", "status": "complete"}
{"job": "confirm-brackets-2-170302-0-unconstrained", "status": "complete"}
{"job": "confirm-brackets-2-170302-0-serial", "status": "complete"}
{"job": "confirm-brackets-2-170302-1-exact", "status": "complete"}
{"job": "confirm-brackets-2-170302-1-unconstrained", "status": "complete"}
{"job": "confirm-brackets-2-170302-1-serial", "status": "complete"}
{"job": "confirm-brackets-2-170302-1-epic", "status": "complete"}
{"job": "confirm-brackets-2-170302-capture", "status": "complete"}
{"job": "confirm-arithmetic-2-170302-0-exact", "status": "incomplete"}
{"job": "confirm-arithmetic-2-170302-0-unconstrained", "status": "complete"}
{"job": "confirm-arithmetic-2-170302-0-serial", "status": "incomplete"}
{"job": "confirm-arithmetic-2-170302-0-epic", "status": "incomplete"}
{"job": "confirm-arithmetic-2-170302-1-unconstrained", "status": "complete"}
{"job": "confirm-arithmetic-2-170302-1-serial", "status": "incomplete"}
{"job": "confirm-arithmetic-2-170302-1-epic", "status": "incomplete"}
{"job": "confirm-arithmetic-2-170302-1-exact", "status": "incomplete"}
{"job": "confirm-arithmetic-2-170302-capture", "status": "complete"}
{"job": "confirm-nested_json-2-170302-0-unconstrained", "status": "complete"}
{"job": "confirm-nested_json-2-170302-0-serial", "status": "incomplete"}
{"job": "confirm-nested_json-2-170302-0-epic", "status": "incomplete"}
{"job": "confirm-nested_json-2-170302-0-exact", "status": "incomplete"}
{"job": "confirm-nested_json-2-170302-1-serial", "status": "incomplete"}
{"job": "confirm-nested_json-2-170302-1-epic", "status": "incomplete"}
{"job": "confirm-nested_json-2-170302-1-exact", "status": "incomplete"}
{"job": "confirm-nested_json-2-170302-1-unconstrained", "status": "complete"}
{"job": "confirm-nested_json-2-170302-capture", "status": "complete"}
{"job": "confirm-brackets-3-170302-0-serial", "status": "complete"}
{"job": "confirm-brackets-3-170302-0-epic", "status": "complete"}
{"job": "confirm-brackets-3-170302-0-exact", "status": "complete"}
{"job": "confirm-brackets-3-170302-0-unconstrained", "status": "complete"}
{"job": "confirm-brackets-3-170302-1-epic", "status": "complete"}
{"job": "confirm-brackets-3-170302-1-exact", "status": "complete"}
{"job": "confirm-brackets-3-170302-1-unconstrained", "status": "complete"}
{"job": "confirm-brackets-3-170302-1-serial", "status": "complete"}
{"job": "confirm-brackets-3-170302-capture", "status": "complete"}
{"job": "confirm-arithmetic-3-170302-0-epic", "status": "incomplete"}
{"job": "confirm-arithmetic-3-170302-0-exact", "status": "incomplete"}
{"job": "confirm-arithmetic-3-170302-0-unconstrained", "status": "complete"}
{"job": "confirm-arithmetic-3-170302-0-serial", "status": "incomplete"}
{"job": "confirm-arithmetic-3-170302-1-exact", "status": "incomplete"}
{"job": "confirm-arithmetic-3-170302-1-unconstrained", "status": "complete"}
{"job": "confirm-arithmetic-3-170302-1-serial", "status": "incomplete"}
{"job": "confirm-arithmetic-3-170302-1-epic", "status": "incomplete"}
{"job": "confirm-arithmetic-3-170302-capture", "status": "complete"}
{"job": "confirm-nested_json-3-170302-0-exact", "status": "incomplete"}
{"job": "confirm-nested_json-3-170302-0-unconstrained", "status": "complete"}
{"job": "confirm-nested_json-3-170302-0-serial", "status": "complete"}
{"job": "confirm-nested_json-3-170302-0-epic", "status": "complete"}
{"job": "confirm-nested_json-3-170302-1-unconstrained", "status": "complete"}
{"job": "confirm-nested_json-3-170302-1-serial", "status": "complete"}
{"job": "confirm-nested_json-3-170302-1-epic", "status": "complete"}
{"job": "confirm-nested_json-3-170302-1-exact", "status": "incomplete"}
{"job": "confirm-nested_json-3-170302-capture", "status": "complete"}
